virbr1
docker0
br-4a80d63bffdd
virbr0
bridge-slave-enp6s0
