connection.id:br-4a80d63bffdd
connection.uuid:11a0d520-4267-49ab-850f-395e7969a34b
connection.stable-id:
connection.type:bridge
connection.interface-name:br-4a80d63bffdd
connection.autoconnect:no
connection.autoconnect-priority:0
connection.autoconnect-retries:-1
connection.multi-connect:0
connection.auth-retries:-1
connection.timestamp:1696451534
connection.read-only:no
connection.permissions:
connection.zone:
connection.master:
connection.slave-type:
connection.autoconnect-slaves:-1
connection.secondaries:
connection.gateway-ping-timeout:0
connection.metered:unknown
connection.lldp:default
connection.mdns:-1
connection.llmnr:-1
connection.dns-over-tls:-1
connection.wait-device-timeout:-1
ipv4.method:manual
ipv4.dns:
ipv4.dns-search:
ipv4.dns-options:
ipv4.dns-priority:0
ipv4.addresses:172.18.0.1/16
ipv4.gateway:
ipv4.routes:
ipv4.route-metric:-1
ipv4.route-table:0
ipv4.routing-rules:
ipv4.ignore-auto-routes:no
ipv4.ignore-auto-dns:no
ipv4.dhcp-client-id:
ipv4.dhcp-iaid:
ipv4.dhcp-timeout:0
ipv4.dhcp-send-hostname:yes
ipv4.dhcp-hostname:
ipv4.dhcp-fqdn:
ipv4.dhcp-hostname-flags:0x0
ipv4.never-default:no
ipv4.may-fail:yes
ipv4.required-timeout:-1
ipv4.dad-timeout:-1
ipv4.dhcp-vendor-class-identifier:
ipv4.dhcp-reject-servers:
ipv6.method:disabled
ipv6.dns:
ipv6.dns-search:
ipv6.dns-options:
ipv6.dns-priority:0
ipv6.addresses:
ipv6.gateway:
ipv6.routes:
ipv6.route-metric:-1
ipv6.route-table:0
ipv6.routing-rules:
ipv6.ignore-auto-routes:no
ipv6.ignore-auto-dns:no
ipv6.never-default:no
ipv6.may-fail:yes
ipv6.required-timeout:-1
ipv6.ip6-privacy:-1
ipv6.addr-gen-mode:stable-privacy
ipv6.ra-timeout:0
ipv6.dhcp-duid:
ipv6.dhcp-iaid:
ipv6.dhcp-timeout:0
ipv6.dhcp-send-hostname:yes
ipv6.dhcp-hostname:
ipv6.dhcp-hostname-flags:0x0
ipv6.token:
bridge.mac-address:
bridge.stp:no
bridge.priority:32768
bridge.forward-delay:15
bridge.hello-time:2
bridge.max-age:20
bridge.ageing-time:300
bridge.group-forward-mask:0
bridge.multicast-snooping:yes
bridge.multicast-startup-query-interval:3124
bridge.vlan-filtering:no
bridge.vlan-default-pvid:1
bridge.vlans:
proxy.method:none
proxy.browser-only:no
proxy.pac-url:
proxy.pac-script:
GENERAL.NAME:br-4a80d63bffdd
GENERAL.UUID:11a0d520-4267-49ab-850f-395e7969a34b
GENERAL.DEVICES:br-4a80d63bffdd
GENERAL.IP-IFACE:br-4a80d63bffdd
GENERAL.STATE:activated
GENERAL.DEFAULT:no
GENERAL.DEFAULT6:no
GENERAL.SPEC-OBJECT:
GENERAL.VPN:no
GENERAL.DBUS-PATH:/org/freedesktop/NetworkManager/ActiveConnection/8
GENERAL.CON-PATH:/org/freedesktop/NetworkManager/Settings/12
GENERAL.ZONE:
GENERAL.MASTER-PATH:
IP4.ADDRESS[1]:172.18.0.1/16
IP4.GATEWAY:
IP4.ROUTE[1]:dst = 172.18.0.0/16, nh = 0.0.0.0, mt = 0
IP6.GATEWAY:
