connection.id:virbr1
connection.uuid:ce985372-3678-4247-bdb8-97bf4ede128f
connection.stable-id:
connection.type:bridge
connection.interface-name:virbr1
connection.autoconnect:yes
connection.autoconnect-priority:0
connection.autoconnect-retries:-1
connection.multi-connect:0
connection.auth-retries:-1
connection.timestamp:1696451534
connection.read-only:no
connection.permissions:
connection.zone:
connection.master:
connection.slave-type:
connection.autoconnect-slaves:-1
connection.secondaries:
connection.gateway-ping-timeout:0
connection.metered:unknown
connection.lldp:default
connection.mdns:-1
connection.llmnr:-1
connection.dns-over-tls:-1
connection.wait-device-timeout:-1
ipv4.method:auto
ipv4.dns:
ipv4.dns-search:
ipv4.dns-options:
ipv4.dns-priority:0
ipv4.addresses:
ipv4.gateway:
ipv4.routes:
ipv4.route-metric:-1
ipv4.route-table:0
ipv4.routing-rules:
ipv4.ignore-auto-routes:no
ipv4.ignore-auto-dns:no
ipv4.dhcp-client-id:
ipv4.dhcp-iaid:
ipv4.dhcp-timeout:0
ipv4.dhcp-send-hostname:yes
ipv4.dhcp-hostname:
ipv4.dhcp-fqdn:
ipv4.dhcp-hostname-flags:0x0
ipv4.never-default:no
ipv4.may-fail:yes
ipv4.required-timeout:-1
ipv4.dad-timeout:-1
ipv4.dhcp-vendor-class-identifier:
ipv4.dhcp-reject-servers:
ipv6.method:auto
ipv6.dns:
ipv6.dns-search:
ipv6.dns-options:
ipv6.dns-priority:0
ipv6.addresses:
ipv6.gateway:
ipv6.routes:
ipv6.route-metric:-1
ipv6.route-table:0
ipv6.routing-rules:
ipv6.ignore-auto-routes:no
ipv6.ignore-auto-dns:no
ipv6.never-default:no
ipv6.may-fail:yes
ipv6.required-timeout:-1
ipv6.ip6-privacy:-1
ipv6.addr-gen-mode:stable-privacy
ipv6.ra-timeout:0
ipv6.dhcp-duid:
ipv6.dhcp-iaid:
ipv6.dhcp-timeout:0
ipv6.dhcp-send-hostname:yes
ipv6.dhcp-hostname:
ipv6.dhcp-hostname-flags:0x0
ipv6.token:
bridge.mac-address:
bridge.stp:no
bridge.priority:32768
bridge.forward-delay:15
bridge.hello-time:2
bridge.max-age:20
bridge.ageing-time:300
bridge.group-forward-mask:0
bridge.multicast-snooping:yes
bridge.vlan-filtering:no
bridge.vlan-default-pvid:1
bridge.vlans:
proxy.method:none
proxy.browser-only:no
proxy.pac-url:
proxy.pac-script:
GENERAL.NAME:virbr1
GENERAL.UUID:ce985372-3678-4247-bdb8-97bf4ede128f
GENERAL.DEVICES:virbr1
GENERAL.IP-IFACE:virbr1
GENERAL.STATE:activated
GENERAL.DEFAULT:yes
GENERAL.DEFAULT6:no
GENERAL.SPEC-OBJECT:
GENERAL.VPN:no
GENERAL.DBUS-PATH:/org/freedesktop/NetworkManager/ActiveConnection/1
GENERAL.CON-PATH:/org/freedesktop/NetworkManager/Settings/4
GENERAL.ZONE:
GENERAL.MASTER-PATH:
IP4.ADDRESS[1]:10.10.80.110/24
IP4.GATEWAY:10.10.80.1
IP4.ROUTE[1]:dst = 10.10.80.0/24, nh = 0.0.0.0, mt = 425
IP4.ROUTE[2]:dst = 0.0.0.0/0, nh = 10.10.80.1, mt = 425
IP4.DNS[1]:8.8.8.8
IP4.DNS[2]:4.4.4.4
IP4.DNS[3]:10.10.80.1
IP4.DOMAIN[1]:pablintino.net
DHCP4.OPTION[1]:dhcp_lease_time = 600
DHCP4.OPTION[2]:dhcp_server_identifier = 10.10.80.1
DHCP4.OPTION[3]:domain_name = pablintino.net
DHCP4.OPTION[4]:domain_name_servers = 8.8.8.8 4.4.4.4 10.10.80.1
DHCP4.OPTION[5]:expiry = 1696452137
DHCP4.OPTION[6]:ip_address = 10.10.80.110
DHCP4.OPTION[7]:next_server = 10.10.80.1
DHCP4.OPTION[8]:requested_broadcast_address = 1
DHCP4.OPTION[9]:requested_domain_name = 1
DHCP4.OPTION[10]:requested_domain_name_servers = 1
DHCP4.OPTION[11]:requested_domain_search = 1
DHCP4.OPTION[12]:requested_host_name = 1
DHCP4.OPTION[13]:requested_interface_mtu = 1
DHCP4.OPTION[14]:requested_ms_classless_static_routes = 1
DHCP4.OPTION[15]:requested_nis_domain = 1
DHCP4.OPTION[16]:requested_nis_servers = 1
DHCP4.OPTION[17]:requested_ntp_servers = 1
DHCP4.OPTION[18]:requested_rfc3442_classless_static_routes = 1
DHCP4.OPTION[19]:requested_root_path = 1
DHCP4.OPTION[20]:requested_routers = 1
DHCP4.OPTION[21]:requested_static_routes = 1
DHCP4.OPTION[22]:requested_subnet_mask = 1
DHCP4.OPTION[23]:requested_time_offset = 1
DHCP4.OPTION[24]:requested_wpad = 1
DHCP4.OPTION[25]:routers = 10.10.80.1
DHCP4.OPTION[26]:subnet_mask = 255.255.255.0
IP6.ADDRESS[1]:fe80::82e1:9ed9:f943:72ce/64
IP6.GATEWAY:
IP6.ROUTE[1]:dst = fe80::/64, nh = ::, mt = 1024
