connection.id:internal
connection.uuid:a2437bdd-79c3-40da-aa71-ed76810e615e
connection.stable-id:
connection.type:bridge
connection.interface-name:br33
connection.autoconnect:yes
connection.autoconnect-priority:0
connection.autoconnect-retries:-1
connection.multi-connect:0
connection.auth-retries:-1
connection.timestamp:1708356069
connection.read-only:no
connection.permissions:
connection.zone:
connection.master:
connection.slave-type:
connection.autoconnect-slaves:-1
connection.secondaries:
connection.gateway-ping-timeout:0
connection.metered:unknown
connection.lldp:default
connection.mdns:-1
connection.llmnr:-1
connection.dns-over-tls:-1
connection.wait-device-timeout:-1
ipv4.method:manual
ipv4.dns:1.1.1.1,8.8.8.8
ipv4.dns-search:
ipv4.dns-options:
ipv4.dns-priority:0
ipv4.addresses:10.197.197.40/24
ipv4.gateway:
ipv4.routes:10.123.123.0/24 10.197.197.100 100
ipv4.route-metric:-1
ipv4.route-table:0
ipv4.routing-rules:
ipv4.ignore-auto-routes:no
ipv4.ignore-auto-dns:no
ipv4.dhcp-client-id:
ipv4.dhcp-iaid:
ipv4.dhcp-timeout:0
ipv4.dhcp-send-hostname:yes
ipv4.dhcp-hostname:
ipv4.dhcp-fqdn:
ipv4.dhcp-hostname-flags:0x0
ipv4.never-default:yes
ipv4.may-fail:yes
ipv4.required-timeout:-1
ipv4.dad-timeout:-1
ipv4.dhcp-vendor-class-identifier:
ipv4.dhcp-reject-servers:
ipv6.method:disabled
ipv6.dns:
ipv6.dns-search:
ipv6.dns-options:
ipv6.dns-priority:0
ipv6.addresses:
ipv6.gateway:
ipv6.routes:
ipv6.route-metric:-1
ipv6.route-table:0
ipv6.routing-rules:
ipv6.ignore-auto-routes:no
ipv6.ignore-auto-dns:no
ipv6.never-default:no
ipv6.may-fail:yes
ipv6.required-timeout:-1
ipv6.ip6-privacy:-1
ipv6.addr-gen-mode:stable-privacy
ipv6.ra-timeout:0
ipv6.dhcp-duid:
ipv6.dhcp-iaid:
ipv6.dhcp-timeout:0
ipv6.dhcp-send-hostname:yes
ipv6.dhcp-hostname:
ipv6.dhcp-hostname-flags:0x0
ipv6.token:
bridge.mac-address:
bridge.stp:yes
bridge.priority:32768
bridge.forward-delay:15
bridge.hello-time:2
bridge.max-age:20
bridge.ageing-time:300
bridge.group-forward-mask:0
bridge.multicast-snooping:yes
bridge.vlan-filtering:no
bridge.vlan-default-pvid:1
bridge.vlans:
proxy.method:none
proxy.browser-only:no
proxy.pac-url:
proxy.pac-script:
GENERAL.NAME:internal
GENERAL.UUID:a2437bdd-79c3-40da-aa71-ed76810e615e
GENERAL.DEVICES:br33
GENERAL.IP-IFACE:br33
GENERAL.STATE:activated
GENERAL.DEFAULT:no
GENERAL.DEFAULT6:no
GENERAL.SPEC-OBJECT:
GENERAL.VPN:no
GENERAL.DBUS-PATH:/org/freedesktop/NetworkManager/ActiveConnection/7
GENERAL.CON-PATH:/org/freedesktop/NetworkManager/Settings/4
GENERAL.ZONE:
GENERAL.MASTER-PATH:
IP4.ADDRESS[1]:10.197.197.40/24
IP4.GATEWAY:
IP4.ROUTE[1]:dst = 10.123.123.0/24, nh = 10.197.197.100, mt = 100
IP4.ROUTE[2]:dst = 10.197.197.0/24, nh = 0.0.0.0, mt = 425
IP4.DNS[1]:1.1.1.1
IP4.DNS[2]:8.8.8.8
IP6.GATEWAY:
