connection.id:internal-1
connection.uuid:0cd33999-4959-4487-8f42-8dac6f100643
connection.stable-id:
connection.type:vlan
connection.interface-name:eth2.33
connection.autoconnect:yes
connection.autoconnect-priority:0
connection.autoconnect-retries:-1
connection.multi-connect:0
connection.auth-retries:-1
connection.timestamp:1708356069
connection.read-only:no
connection.permissions:
connection.zone:
connection.master:a2437bdd-79c3-40da-aa71-ed76810e615e
connection.slave-type:bridge
connection.autoconnect-slaves:-1
connection.secondaries:
connection.gateway-ping-timeout:0
connection.metered:unknown
connection.lldp:default
connection.mdns:-1
connection.llmnr:-1
connection.dns-over-tls:-1
connection.wait-device-timeout:-1
802-3-ethernet.port:
802-3-ethernet.speed:0
802-3-ethernet.duplex:
802-3-ethernet.auto-negotiate:no
802-3-ethernet.mac-address:
802-3-ethernet.cloned-mac-address:
802-3-ethernet.generate-mac-address-mask:
802-3-ethernet.mac-address-blacklist:
802-3-ethernet.mtu:auto
802-3-ethernet.s390-subchannels:
802-3-ethernet.s390-nettype:
802-3-ethernet.s390-options:
802-3-ethernet.wake-on-lan:default
802-3-ethernet.wake-on-lan-password:
802-3-ethernet.accept-all-mac-addresses:-1
vlan.parent:eth2
vlan.id:33
vlan.flags:1
vlan.ingress-priority-map:
vlan.egress-priority-map:
bridge-port.priority:32
bridge-port.path-cost:100
bridge-port.hairpin-mode:no
bridge-port.vlans:
GENERAL.NAME:internal-1
GENERAL.UUID:0cd33999-4959-4487-8f42-8dac6f100643
GENERAL.DEVICES:eth2.33
GENERAL.IP-IFACE:eth2.33
GENERAL.STATE:activated
GENERAL.DEFAULT:no
GENERAL.DEFAULT6:no
GENERAL.SPEC-OBJECT:
GENERAL.VPN:no
GENERAL.DBUS-PATH:/org/freedesktop/NetworkManager/ActiveConnection/8
GENERAL.CON-PATH:/org/freedesktop/NetworkManager/Settings/5
GENERAL.ZONE:
GENERAL.MASTER-PATH:/org/freedesktop/NetworkManager/Devices/5
IP4.GATEWAY:
IP6.GATEWAY:
