connection.id:bridge-slave-enp6s0
connection.uuid:94b285da-9d45-455d-86bd-e720ab6beefb
connection.stable-id:
connection.type:802-3-ethernet
connection.interface-name:enp6s0
connection.autoconnect:yes
connection.autoconnect-priority:0
connection.autoconnect-retries:-1
connection.multi-connect:0
connection.auth-retries:-1
connection.timestamp:1696451534
connection.read-only:no
connection.permissions:
connection.zone:
connection.master:virbr1
connection.slave-type:bridge
connection.autoconnect-slaves:-1
connection.secondaries:
connection.gateway-ping-timeout:0
connection.metered:unknown
connection.lldp:default
connection.mdns:-1
connection.llmnr:-1
connection.dns-over-tls:-1
connection.wait-device-timeout:-1
802-3-ethernet.port:
802-3-ethernet.speed:0
802-3-ethernet.duplex:
802-3-ethernet.auto-negotiate:no
802-3-ethernet.mac-address:
802-3-ethernet.cloned-mac-address:
802-3-ethernet.generate-mac-address-mask:
802-3-ethernet.mac-address-blacklist:
802-3-ethernet.mtu:auto
802-3-ethernet.s390-subchannels:
802-3-ethernet.s390-nettype:
802-3-ethernet.s390-options:
802-3-ethernet.wake-on-lan:default
802-3-ethernet.wake-on-lan-password:
802-3-ethernet.accept-all-mac-addresses:-1
bridge-port.priority:32
bridge-port.path-cost:100
bridge-port.hairpin-mode:no
bridge-port.vlans:
GENERAL.NAME:bridge-slave-enp6s0
GENERAL.UUID:94b285da-9d45-455d-86bd-e720ab6beefb
GENERAL.DEVICES:enp6s0
GENERAL.IP-IFACE:enp6s0
GENERAL.STATE:activated
GENERAL.DEFAULT:no
GENERAL.DEFAULT6:no
GENERAL.SPEC-OBJECT:
GENERAL.VPN:no
GENERAL.DBUS-PATH:/org/freedesktop/NetworkManager/ActiveConnection/2
GENERAL.CON-PATH:/org/freedesktop/NetworkManager/Settings/5
GENERAL.ZONE:
GENERAL.MASTER-PATH:/org/freedesktop/NetworkManager/Devices/5
IP4.GATEWAY:
IP4.ROUTE[1]:dst = 169.254.0.0/16, nh = 0.0.0.0, mt = 1000
IP6.GATEWAY:
