connection.id:internal-1
connection.uuid:0569d9a5-3291-3103-8c6c-dc0a8d22b76d
connection.stable-id:
connection.type:802-3-ethernet
connection.interface-name:eth1
connection.autoconnect:yes
connection.autoconnect-priority:-999
connection.autoconnect-retries:-1
connection.multi-connect:0
connection.auth-retries:-1
connection.timestamp:1708344627
connection.read-only:no
connection.permissions:
connection.zone:
connection.master:e30bb884-ffca-4c4c-bd4f-7ae52cb2bbec
connection.slave-type:bridge
connection.autoconnect-slaves:-1
connection.secondaries:
connection.gateway-ping-timeout:0
connection.metered:unknown
connection.lldp:default
connection.mdns:-1
connection.llmnr:-1
connection.dns-over-tls:-1
connection.wait-device-timeout:-1
802-3-ethernet.port:
802-3-ethernet.speed:0
802-3-ethernet.duplex:
802-3-ethernet.auto-negotiate:no
802-3-ethernet.mac-address:
802-3-ethernet.cloned-mac-address:
802-3-ethernet.generate-mac-address-mask:
802-3-ethernet.mac-address-blacklist:
802-3-ethernet.mtu:auto
802-3-ethernet.s390-subchannels:
802-3-ethernet.s390-nettype:
802-3-ethernet.s390-options:
802-3-ethernet.wake-on-lan:default
802-3-ethernet.wake-on-lan-password:
802-3-ethernet.accept-all-mac-addresses:-1
bridge-port.priority:32
bridge-port.path-cost:100
bridge-port.hairpin-mode:no
bridge-port.vlans:
GENERAL.NAME:internal-1
GENERAL.UUID:0569d9a5-3291-3103-8c6c-dc0a8d22b76d
GENERAL.DEVICES:eth1
GENERAL.IP-IFACE:eth1
GENERAL.STATE:activated
GENERAL.DEFAULT:no
GENERAL.DEFAULT6:no
GENERAL.SPEC-OBJECT:
GENERAL.VPN:no
GENERAL.DBUS-PATH:/org/freedesktop/NetworkManager/ActiveConnection/8
GENERAL.CON-PATH:/org/freedesktop/NetworkManager/Settings/2
GENERAL.ZONE:
GENERAL.MASTER-PATH:/org/freedesktop/NetworkManager/Devices/5
IP4.GATEWAY:
IP6.GATEWAY: