connection.id:internal
connection.uuid:e30bb884-ffca-4c4c-bd4f-7ae52cb2bbec
connection.stable-id:
connection.type:bridge
connection.interface-name:br123
connection.autoconnect:yes
connection.autoconnect-priority:0
connection.autoconnect-retries:-1
connection.multi-connect:0
connection.auth-retries:-1
connection.timestamp:1708344627
connection.read-only:no
connection.permissions:
connection.zone:
connection.master:
connection.slave-type:
connection.autoconnect-slaves:-1
connection.secondaries:
connection.gateway-ping-timeout:0
connection.metered:unknown
connection.lldp:default
connection.mdns:-1
connection.llmnr:-1
connection.dns-over-tls:-1
connection.wait-device-timeout:-1
ipv4.method:disabled
ipv4.dns:
ipv4.dns-search:
ipv4.dns-options:
ipv4.dns-priority:0
ipv4.addresses:
ipv4.gateway:
ipv4.routes:
ipv4.route-metric:-1
ipv4.route-table:0
ipv4.routing-rules:
ipv4.ignore-auto-routes:no
ipv4.ignore-auto-dns:no
ipv4.dhcp-client-id:
ipv4.dhcp-iaid:
ipv4.dhcp-timeout:0
ipv4.dhcp-send-hostname:yes
ipv4.dhcp-hostname:
ipv4.dhcp-fqdn:
ipv4.dhcp-hostname-flags:0x0
ipv4.never-default:no
ipv4.may-fail:yes
ipv4.required-timeout:-1
ipv4.dad-timeout:-1
ipv4.dhcp-vendor-class-identifier:
ipv4.dhcp-reject-servers:
ipv6.method:manual
ipv6.dns:fd68:4327:d6f9:2240::1,fd68:4327:d6f9:2240::2
ipv6.dns-search:
ipv6.dns-options:
ipv6.dns-priority:0
ipv6.addresses:fd68:4327:d6f9:2240::ab/64
ipv6.gateway:
ipv6.routes:fdb9:3b7a:9813:d59a::/64 fd68:4327:d6f9:2240::1 100
ipv6.route-metric:-1
ipv6.route-table:0
ipv6.routing-rules:
ipv6.ignore-auto-routes:no
ipv6.ignore-auto-dns:no
ipv6.never-default:yes
ipv6.may-fail:yes
ipv6.required-timeout:-1
ipv6.ip6-privacy:-1
ipv6.addr-gen-mode:stable-privacy
ipv6.ra-timeout:0
ipv6.dhcp-duid:
ipv6.dhcp-iaid:
ipv6.dhcp-timeout:0
ipv6.dhcp-send-hostname:yes
ipv6.dhcp-hostname:
ipv6.dhcp-hostname-flags:0x0
ipv6.token:
bridge.mac-address:
bridge.stp:yes
bridge.priority:32768
bridge.forward-delay:15
bridge.hello-time:2
bridge.max-age:20
bridge.ageing-time:300
bridge.group-forward-mask:0
bridge.multicast-snooping:yes
bridge.vlan-filtering:no
bridge.vlan-default-pvid:1
bridge.vlans:
proxy.method:none
proxy.browser-only:no
proxy.pac-url:
proxy.pac-script:
GENERAL.NAME:internal
GENERAL.UUID:e30bb884-ffca-4c4c-bd4f-7ae52cb2bbec
GENERAL.DEVICES:br123
GENERAL.IP-IFACE:br123
GENERAL.STATE:activated
GENERAL.DEFAULT:no
GENERAL.DEFAULT6:no
GENERAL.SPEC-OBJECT:
GENERAL.VPN:no
GENERAL.DBUS-PATH:/org/freedesktop/NetworkManager/ActiveConnection/7
GENERAL.CON-PATH:/org/freedesktop/NetworkManager/Settings/4
GENERAL.ZONE:
GENERAL.MASTER-PATH:
IP4.GATEWAY:
IP6.ADDRESS[1]:fe80::daf7:1077:9563:28ab/64
IP6.ADDRESS[2]:fd68:4327:d6f9:2240::ab/64
IP6.GATEWAY:
IP6.ROUTE[1]:dst = fd68:4327:d6f9:2240::/64, nh = ::, mt = 425
IP6.ROUTE[2]:dst = fdb9:3b7a:9813:d59a::/64, nh = fd68:4327:d6f9:2240::1, mt = 100
IP6.ROUTE[3]:dst = fe80::/64, nh = ::, mt = 1024
IP6.DNS[1]:fd68:4327:d6f9:2240::1
IP6.DNS[2]:fd68:4327:d6f9:2240::2
